---
source: tests/everything_js.rs
expression: res
---
[
    Decl(
        Export(
            Default(
                Decl(
                    Class(
                        Class {
                            id: Some(
                                Ident {
                                    name: "i17",
                                },
                            ),
                            super_class: None,
                            body: ClassBody(
                                [],
                            ),
                        },
                    ),
                ),
            ),
        ),
    ),
]
