---
source: tests/everything_js.rs
expression: res
---
[
    Decl(
        Export(
            Default(
                Expr(
                    Sequence(
                        [
                            Lit(
                                Number(
                                    "0",
                                ),
                            ),
                            Lit(
                                Number(
                                    "1",
                                ),
                            ),
                        ],
                    ),
                ),
            ),
        ),
    ),
]
